0 verbose cli F:\Program Files\nodejs\node.exe F:\Program Files\nodejs\node_modules\npm\bin\npm-cli.js
1 info using npm@11.13.0
2 info using node@v24.16.0
3 silly config load:file:F:\Program Files\nodejs\node_modules\npm\npmrc
4 silly config load:file:F:\CC_projects\travel_plan\frontend\.npmrc
5 silly config load:file:C:\Users\xara\.npmrc
6 silly config load:file:F:\Program Files\nodejs\node_global\etc\npmrc
7 verbose title npm install
8 verbose argv "install" "--cache" ".npm-cache"
9 verbose logfile logs-max:10 dir:F:\CC_projects\travel_plan\frontend\.npm-cache\_logs\2026-05-24T15_18_38_274Z-
10 verbose logfile F:\CC_projects\travel_plan\frontend\.npm-cache\_logs\2026-05-24T15_18_38_274Z-debug-0.log
11 silly logfile done cleaning log files
12 silly packumentCache heap:4496293888 maxSize:1124073472 maxEntrySize:562036736
13 silly idealTree buildDeps
14 silly reify moves {}
15 silly audit bulk request {
15 silly audit   '@alloc/quick-lru': [ '5.2.0' ],
15 silly audit   '@ant-design/colors': [ '7.2.1' ],
15 silly audit   '@ant-design/cssinjs': [ '1.24.0' ],
15 silly audit   '@ant-design/cssinjs-utils': [ '1.1.3' ],
15 silly audit   '@ant-design/fast-color': [ '2.0.6' ],
15 silly audit   '@ant-design/icons': [ '5.6.1' ],
15 silly audit   '@ant-design/icons-svg': [ '4.4.2' ],
15 silly audit   '@ant-design/react-slick': [ '1.1.2' ],
15 silly audit   '@babel/code-frame': [ '7.29.0' ],
15 silly audit   '@babel/compat-data': [ '7.29.3' ],
15 silly audit   '@babel/core': [ '7.29.0' ],
15 silly audit   '@babel/generator': [ '7.29.1' ],
15 silly audit   '@babel/helper-compilation-targets': [ '7.28.6' ],
15 silly audit   '@babel/helper-globals': [ '7.28.0' ],
15 silly audit   '@babel/helper-module-imports': [ '7.28.6' ],
15 silly audit   '@babel/helper-module-transforms': [ '7.28.6' ],
15 silly audit   '@babel/helper-plugin-utils': [ '7.28.6' ],
15 silly audit   '@babel/helper-string-parser': [ '7.27.1' ],
15 silly audit   '@babel/helper-validator-identifier': [ '7.28.5' ],
15 silly audit   '@babel/helper-validator-option': [ '7.27.1' ],
15 silly audit   '@babel/helpers': [ '7.29.2' ],
15 silly audit   '@babel/parser': [ '7.29.3' ],
15 silly audit   '@babel/plugin-transform-react-jsx-self': [ '7.27.1' ],
15 silly audit   '@babel/plugin-transform-react-jsx-source': [ '7.27.1' ],
15 silly audit   '@babel/runtime': [ '7.29.2' ],
15 silly audit   '@babel/template': [ '7.28.6' ],
15 silly audit   '@babel/traverse': [ '7.29.0' ],
15 silly audit   '@babel/types': [ '7.29.0' ],
15 silly audit   '@emotion/hash': [ '0.8.0' ],
15 silly audit   '@emotion/unitless': [ '0.7.5' ],
15 silly audit   '@esbuild/aix-ppc64': [ '0.21.5' ],
15 silly audit   '@esbuild/android-arm': [ '0.21.5' ],
15 silly audit   '@esbuild/android-arm64': [ '0.21.5' ],
15 silly audit   '@esbuild/android-x64': [ '0.21.5' ],
15 silly audit   '@esbuild/darwin-arm64': [ '0.21.5' ],
15 silly audit   '@esbuild/darwin-x64': [ '0.21.5' ],
15 silly audit   '@esbuild/freebsd-arm64': [ '0.21.5' ],
15 silly audit   '@esbuild/freebsd-x64': [ '0.21.5' ],
15 silly audit   '@esbuild/linux-arm': [ '0.21.5' ],
15 silly audit   '@esbuild/linux-arm64': [ '0.21.5' ],
15 silly audit   '@esbuild/linux-ia32': [ '0.21.5' ],
15 silly audit   '@esbuild/linux-loong64': [ '0.21.5' ],
15 silly audit   '@esbuild/linux-mips64el': [ '0.21.5' ],
15 silly audit   '@esbuild/linux-ppc64': [ '0.21.5' ],
15 silly audit   '@esbuild/linux-riscv64': [ '0.21.5' ],
15 silly audit   '@esbuild/linux-s390x': [ '0.21.5' ],
15 silly audit   '@esbuild/linux-x64': [ '0.21.5' ],
15 silly audit   '@esbuild/netbsd-x64': [ '0.21.5' ],
15 silly audit   '@esbuild/openbsd-x64': [ '0.21.5' ],
15 silly audit   '@esbuild/sunos-x64': [ '0.21.5' ],
15 silly audit   '@esbuild/win32-arm64': [ '0.21.5' ],
15 silly audit   '@esbuild/win32-ia32': [ '0.21.5' ],
15 silly audit   '@esbuild/win32-x64': [ '0.21.5' ],
15 silly audit   '@jridgewell/gen-mapping': [ '0.3.13' ],
15 silly audit   '@jridgewell/remapping': [ '2.3.5' ],
15 silly audit   '@jridgewell/resolve-uri': [ '3.1.2' ],
15 silly audit   '@jridgewell/sourcemap-codec': [ '1.5.5' ],
15 silly audit   '@jridgewell/trace-mapping': [ '0.3.31' ],
15 silly audit   '@nodelib/fs.scandir': [ '2.1.5' ],
15 silly audit   '@nodelib/fs.stat': [ '2.0.5' ],
15 silly audit   '@nodelib/fs.walk': [ '1.2.8' ],
15 silly audit   '@rc-component/async-validator': [ '5.1.0' ],
15 silly audit   '@rc-component/color-picker': [ '2.0.1' ],
15 silly audit   '@rc-component/context': [ '1.4.0' ],
15 silly audit   '@rc-component/mini-decimal': [ '1.1.3' ],
15 silly audit   '@rc-component/mutate-observer': [ '1.1.0' ],
15 silly audit   '@rc-component/portal': [ '1.1.2' ],
15 silly audit   '@rc-component/qrcode': [ '1.1.1' ],
15 silly audit   '@rc-component/tour': [ '1.15.1' ],
15 silly audit   '@rc-component/trigger': [ '2.3.1' ],
15 silly audit   '@react-leaflet/core': [ '2.1.0' ],
15 silly audit   '@remix-run/router': [ '1.23.2' ],
15 silly audit   '@rolldown/pluginutils': [ '1.0.0-beta.27' ],
15 silly audit   '@rollup/rollup-android-arm-eabi': [ '4.60.4' ],
15 silly audit   '@rollup/rollup-android-arm64': [ '4.60.4' ],
15 silly audit   '@rollup/rollup-darwin-arm64': [ '4.60.4' ],
15 silly audit   '@rollup/rollup-darwin-x64': [ '4.60.4' ],
15 silly audit   '@rollup/rollup-freebsd-arm64': [ '4.60.4' ],
15 silly audit   '@rollup/rollup-freebsd-x64': [ '4.60.4' ],
15 silly audit   '@rollup/rollup-linux-arm-gnueabihf': [ '4.60.4' ],
15 silly audit   '@rollup/rollup-linux-arm-musleabihf': [ '4.60.4' ],
15 silly audit   '@rollup/rollup-linux-arm64-gnu': [ '4.60.4' ],
15 silly audit   '@rollup/rollup-linux-arm64-musl': [ '4.60.4' ],
15 silly audit   '@rollup/rollup-linux-loong64-gnu': [ '4.60.4' ],
15 silly audit   '@rollup/rollup-linux-loong64-musl': [ '4.60.4' ],
15 silly audit   '@rollup/rollup-linux-ppc64-gnu': [ '4.60.4' ],
15 silly audit   '@rollup/rollup-linux-ppc64-musl': [ '4.60.4' ],
15 silly audit   '@rollup/rollup-linux-riscv64-gnu': [ '4.60.4' ],
15 silly audit   '@rollup/rollup-linux-riscv64-musl': [ '4.60.4' ],
15 silly audit   '@rollup/rollup-linux-s390x-gnu': [ '4.60.4' ],
15 silly audit   '@rollup/rollup-linux-x64-gnu': [ '4.60.4' ],
15 silly audit   '@rollup/rollup-linux-x64-musl': [ '4.60.4' ],
15 silly audit   '@rollup/rollup-openbsd-x64': [ '4.60.4' ],
15 silly audit   '@rollup/rollup-openharmony-arm64': [ '4.60.4' ],
15 silly audit   '@rollup/rollup-win32-arm64-msvc': [ '4.60.4' ],
15 silly audit   '@rollup/rollup-win32-ia32-msvc': [ '4.60.4' ],
15 silly audit   '@rollup/rollup-win32-x64-gnu': [ '4.60.4' ],
15 silly audit   '@rollup/rollup-win32-x64-msvc': [ '4.60.4' ],
15 silly audit   '@types/babel__core': [ '7.20.5' ],
15 silly audit   '@types/babel__generator': [ '7.27.0' ],
15 silly audit   '@types/babel__template': [ '7.4.4' ],
15 silly audit   '@types/babel__traverse': [ '7.28.0' ],
15 silly audit   '@types/estree': [ '1.0.8' ],
15 silly audit   '@types/prop-types': [ '15.7.15' ],
15 silly audit   '@types/react': [ '18.3.29' ],
15 silly audit   '@types/react-dom': [ '18.3.7' ],
15 silly audit   '@vitejs/plugin-react': [ '4.7.0' ],
15 silly audit   'agent-base': [ '6.0.2' ],
15 silly audit   antd: [ '5.29.3' ],
15 silly audit   'any-promise': [ '1.3.0' ],
15 silly audit   anymatch: [ '3.1.3' ],
15 silly audit   arg: [ '5.0.2' ],
15 silly audit   asynckit: [ '0.4.0' ],
15 silly audit   autoprefixer: [ '10.5.0' ],
15 silly audit   axios: [ '1.16.1' ],
15 silly audit   'baseline-browser-mapping': [ '2.10.32' ],
15 silly audit   'binary-extensions': [ '2.3.0' ],
15 silly audit   braces: [ '3.0.3' ],
15 silly audit   browserslist: [ '4.28.2' ],
15 silly audit   'call-bind-apply-helpers': [ '1.0.2' ],
15 silly audit   'camelcase-css': [ '2.0.1' ],
15 silly audit   'caniuse-lite': [ '1.0.30001793' ],
15 silly audit   chokidar: [ '3.6.0' ],
15 silly audit   'glob-parent': [ '5.1.2', '6.0.2' ],
15 silly audit   classnames: [ '2.5.1' ],
15 silly audit   'combined-stream': [ '1.0.8' ],
15 silly audit   commander: [ '4.1.1' ],
15 silly audit   'compute-scroll-into-view': [ '3.1.1' ],
15 silly audit   'convert-source-map': [ '2.0.0' ],
15 silly audit   'copy-to-clipboard': [ '3.3.3' ],
15 silly audit   cssesc: [ '3.0.0' ],
15 silly audit   csstype: [ '3.2.3' ],
15 silly audit   dayjs: [ '1.11.20' ],
15 silly audit   debug: [ '4.4.3' ],
15 silly audit   'delayed-stream': [ '1.0.0' ],
15 silly audit   didyoumean: [ '1.2.2' ],
15 silly audit   dlv: [ '1.1.3' ],
15 silly audit   'dunder-proto': [ '1.0.1' ],
15 silly audit   'electron-to-chromium': [ '1.5.361' ],
15 silly audit   'es-define-property': [ '1.0.1' ],
15 silly audit   'es-errors': [ '1.3.0' ],
15 silly audit   'es-object-atoms': [ '1.1.2' ],
15 silly audit   'es-set-tostringtag': [ '2.1.0' ],
15 silly audit   esbuild: [ '0.21.5' ],
15 silly audit   escalade: [ '3.2.0' ],
15 silly audit   'fast-glob': [ '3.3.3' ],
15 silly audit   fastq: [ '1.20.1' ],
15 silly audit   'fill-range': [ '7.1.1' ],
15 silly audit   'follow-redirects': [ '1.16.0' ],
15 silly audit   'form-data': [ '4.0.5' ],
15 silly audit   'fraction.js': [ '5.3.4' ],
15 silly audit   fsevents: [ '2.3.3' ],
15 silly audit   'function-bind': [ '1.1.2' ],
15 silly audit   gensync: [ '1.0.0-beta.2' ],
15 silly audit   'get-intrinsic': [ '1.3.0' ],
15 silly audit   'get-proto': [ '1.0.1' ],
15 silly audit   gopd: [ '1.2.0' ],
15 silly audit   'has-symbols': [ '1.1.0' ],
15 silly audit   'has-tostringtag': [ '1.0.2' ],
15 silly audit   hasown: [ '2.0.3' ],
15 silly audit   'https-proxy-agent': [ '5.0.1' ],
15 silly audit   'is-binary-path': [ '2.1.0' ],
15 silly audit   'is-core-module': [ '2.16.2' ],
15 silly audit   'is-extglob': [ '2.1.1' ],
15 silly audit   'is-glob': [ '4.0.3' ],
15 silly audit   'is-number': [ '7.0.0' ],
15 silly audit   jiti: [ '1.21.7' ],
15 silly audit   'js-tokens': [ '4.0.0' ],
15 silly audit   jsesc: [ '3.1.0' ],
15 silly audit   json2mq: [ '0.2.0' ],
15 silly audit   json5: [ '2.2.3' ],
15 silly audit   leaflet: [ '1.9.4' ],
15 silly audit   lilconfig: [ '3.1.3' ],
15 silly audit   'lines-and-columns': [ '1.2.4' ],
15 silly audit   'loose-envify': [ '1.4.0' ],
15 silly audit   'lru-cache': [ '5.1.1' ],
15 silly audit   'math-intrinsics': [ '1.1.0' ],
15 silly audit   merge2: [ '1.4.1' ],
15 silly audit   micromatch: [ '4.0.8' ],
15 silly audit   'mime-db': [ '1.52.0' ],
15 silly audit   'mime-types': [ '2.1.35' ],
15 silly audit   ms: [ '2.1.3' ],
15 silly audit   mz: [ '2.7.0' ],
15 silly audit   nanoid: [ '3.3.12' ],
15 silly audit   'node-releases': [ '2.0.46' ],
15 silly audit   'normalize-path': [ '3.0.0' ],
15 silly audit   'object-assign': [ '4.1.1' ],
15 silly audit   'object-hash': [ '3.0.0' ],
15 silly audit   'path-parse': [ '1.0.7' ],
15 silly audit   picocolors: [ '1.1.1' ],
15 silly audit   picomatch: [ '2.3.2', '4.0.4' ],
15 silly audit   pify: [ '2.3.0' ],
15 silly audit   pirates: [ '4.0.7' ],
15 silly audit   postcss: [ '8.5.15' ],
15 silly audit   'postcss-import': [ '15.1.0' ],
15 silly audit   'postcss-js': [ '4.1.0' ],
15 silly audit   'postcss-load-config': [ '6.0.1' ],
15 silly audit   'postcss-nested': [ '6.2.0' ],
15 silly audit   'postcss-selector-parser': [ '6.1.2' ],
15 silly audit   'postcss-value-parser': [ '4.2.0' ],
15 silly audit   'proxy-from-env': [ '2.1.0' ],
15 silly audit   'queue-microtask': [ '1.2.3' ],
15 silly audit   'rc-cascader': [ '3.34.0' ],
15 silly audit   'rc-checkbox': [ '3.5.0' ],
15 silly audit   'rc-collapse': [ '3.9.0' ],
15 silly audit   'rc-dialog': [ '9.6.0' ],
15 silly audit   'rc-drawer': [ '7.3.0' ],
15 silly audit   'rc-dropdown': [ '4.2.1' ],
15 silly audit   'rc-field-form': [ '2.7.1' ],
15 silly audit   'rc-image': [ '7.12.0' ],
15 silly audit   'rc-input': [ '1.8.0' ],
15 silly audit   'rc-input-number': [ '9.5.0' ],
15 silly audit   'rc-mentions': [ '2.20.0' ],
15 silly audit   'rc-menu': [ '9.16.1' ],
15 silly audit   'rc-motion': [ '2.9.5' ],
15 silly audit   'rc-notification': [ '5.6.4' ],
15 silly audit   'rc-overflow': [ '1.5.0' ],
15 silly audit   'rc-pagination': [ '5.1.0' ],
15 silly audit   'rc-picker': [ '4.11.3' ],
15 silly audit   'rc-progress': [ '4.0.0' ],
15 silly audit   'rc-rate': [ '2.13.1' ],
15 silly audit   'rc-resize-observer': [ '1.4.3' ],
15 silly audit   'rc-segmented': [ '2.7.1' ],
15 silly audit   'rc-select': [ '14.16.8' ],
15 silly audit   'rc-slider': [ '11.1.9' ],
15 silly audit   'rc-steps': [ '6.0.1' ],
15 silly audit   'rc-switch': [ '4.1.0' ],
15 silly audit   'rc-table': [ '7.54.0' ],
15 silly audit   'rc-tabs': [ '15.7.0' ],
15 silly audit   'rc-textarea': [ '1.10.2' ],
15 silly audit   'rc-tooltip': [ '6.4.0' ],
15 silly audit   'rc-tree': [ '5.13.1' ],
15 silly audit   'rc-tree-select': [ '5.27.0' ],
15 silly audit   'rc-upload': [ '4.11.0' ],
15 silly audit   'rc-util': [ '5.44.4' ],
15 silly audit   'rc-virtual-list': [ '3.19.2' ],
15 silly audit   react: [ '18.3.1' ],
15 silly audit   'react-dom': [ '18.3.1' ],
15 silly audit   'react-is': [ '18.3.1' ],
15 silly audit   'react-leaflet': [ '4.2.1' ],
15 silly audit   'react-refresh': [ '0.17.0' ],
15 silly audit   'react-router': [ '6.30.3' ],
15 silly audit   'react-router-dom': [ '6.30.3' ],
15 silly audit   'read-cache': [ '1.0.0' ],
15 silly audit   readdirp: [ '3.6.0' ],
15 silly audit   'resize-observer-polyfill': [ '1.5.1' ],
15 silly audit   resolve: [ '1.22.12' ],
15 silly audit   reusify: [ '1.1.0' ],
15 silly audit   rollup: [ '4.60.4' ],
15 silly audit   'run-parallel': [ '1.2.0' ],
15 silly audit   scheduler: [ '0.23.2' ],
15 silly audit   'scroll-into-view-if-needed': [ '3.1.0' ],
15 silly audit   semver: [ '6.3.1' ],
15 silly audit   'source-map-js': [ '1.2.1' ],
15 silly audit   'string-convert': [ '0.2.1' ],
15 silly audit   stylis: [ '4.4.0' ],
15 silly audit   sucrase: [ '3.35.1' ],
15 silly audit   'supports-preserve-symlinks-flag': [ '1.0.0' ],
15 silly audit   tailwindcss: [ '3.4.19' ],
15 silly audit   thenify: [ '3.3.1' ],
15 silly audit   'thenify-all': [ '1.6.0' ],
15 silly audit   'throttle-debounce': [ '5.0.2' ],
15 silly audit   tinyglobby: [ '0.2.16' ],
15 silly audit   fdir: [ '6.5.0' ],
15 silly audit   'to-regex-range': [ '5.0.1' ],
15 silly audit   'toggle-selection': [ '1.0.6' ],
15 silly audit   'ts-interface-checker': [ '0.1.13' ],
15 silly audit   'update-browserslist-db': [ '1.2.3' ],
15 silly audit   'util-deprecate': [ '1.0.2' ],
15 silly audit   vite: [ '5.4.21' ],
15 silly audit   yallist: [ '3.1.1' ]
15 silly audit }
16 http cache vite@https://registry.npmjs.org/vite/-/vite-5.4.21.tgz 0ms (cache hit)
17 http cache yallist@https://registry.npmjs.org/yallist/-/yallist-3.1.1.tgz 0ms (cache hit)
18 http cache util-deprecate@https://registry.npmjs.org/util-deprecate/-/util-deprecate-1.0.2.tgz 0ms (cache hit)
19 http cache update-browserslist-db@https://registry.npmjs.org/update-browserslist-db/-/update-browserslist-db-1.2.3.tgz 0ms (cache hit)
20 http cache ts-interface-checker@https://registry.npmjs.org/ts-interface-checker/-/ts-interface-checker-0.1.13.tgz 0ms (cache hit)
21 http cache toggle-selection@https://registry.npmjs.org/toggle-selection/-/toggle-selection-1.0.6.tgz 0ms (cache hit)
22 http cache to-regex-range@https://registry.npmjs.org/to-regex-range/-/to-regex-range-5.0.1.tgz 0ms (cache hit)
23 http cache tinyglobby@https://registry.npmjs.org/tinyglobby/-/tinyglobby-0.2.16.tgz 1ms (cache hit)
24 http cache throttle-debounce@https://registry.npmjs.org/throttle-debounce/-/throttle-debounce-5.0.2.tgz 0ms (cache hit)
25 http cache thenify-all@https://registry.npmjs.org/thenify-all/-/thenify-all-1.6.0.tgz 0ms (cache hit)
26 http cache thenify@https://registry.npmjs.org/thenify/-/thenify-3.3.1.tgz 0ms (cache hit)
27 http cache tailwindcss@https://registry.npmjs.org/tailwindcss/-/tailwindcss-3.4.19.tgz 0ms (cache hit)
28 http cache sucrase@https://registry.npmjs.org/sucrase/-/sucrase-3.35.1.tgz 0ms (cache hit)
29 http cache semver@https://registry.npmjs.org/semver/-/semver-6.3.1.tgz 0ms (cache hit)
30 http cache source-map-js@https://registry.npmjs.org/source-map-js/-/source-map-js-1.2.1.tgz 0ms (cache hit)
31 http cache stylis@https://registry.npmjs.org/stylis/-/stylis-4.4.0.tgz 0ms (cache hit)
32 http cache string-convert@https://registry.npmjs.org/string-convert/-/string-convert-0.2.1.tgz 0ms (cache hit)
33 http cache supports-preserve-symlinks-flag@https://registry.npmjs.org/supports-preserve-symlinks-flag/-/supports-preserve-symlinks-flag-1.0.0.tgz 0ms (cache hit)
34 http cache scroll-into-view-if-needed@https://registry.npmjs.org/scroll-into-view-if-needed/-/scroll-into-view-if-needed-3.1.0.tgz 0ms (cache hit)
35 http cache run-parallel@https://registry.npmjs.org/run-parallel/-/run-parallel-1.2.0.tgz 0ms (cache hit)
36 http cache rollup@https://registry.npmjs.org/rollup/-/rollup-4.60.4.tgz 0ms (cache hit)
37 http cache resolve@https://registry.npmjs.org/resolve/-/resolve-1.22.12.tgz 0ms (cache hit)
38 http cache scheduler@https://registry.npmjs.org/scheduler/-/scheduler-0.23.2.tgz 0ms (cache hit)
39 http cache reusify@https://registry.npmjs.org/reusify/-/reusify-1.1.0.tgz 0ms (cache hit)
40 http cache resize-observer-polyfill@https://registry.npmjs.org/resize-observer-polyfill/-/resize-observer-polyfill-1.5.1.tgz 0ms (cache hit)
41 http cache read-cache@https://registry.npmjs.org/read-cache/-/read-cache-1.0.0.tgz 0ms (cache hit)
42 http cache readdirp@https://registry.npmjs.org/readdirp/-/readdirp-3.6.0.tgz 0ms (cache hit)
43 http cache react-router@https://registry.npmjs.org/react-router/-/react-router-6.30.3.tgz 0ms (cache hit)
44 http cache react-router-dom@https://registry.npmjs.org/react-router-dom/-/react-router-dom-6.30.3.tgz 0ms (cache hit)
45 http cache react-leaflet@https://registry.npmjs.org/react-leaflet/-/react-leaflet-4.2.1.tgz 0ms (cache hit)
46 http cache react-refresh@https://registry.npmjs.org/react-refresh/-/react-refresh-0.17.0.tgz 0ms (cache hit)
47 http cache react-is@https://registry.npmjs.org/react-is/-/react-is-18.3.1.tgz 0ms (cache hit)
48 http cache react-dom@https://registry.npmjs.org/react-dom/-/react-dom-18.3.1.tgz 0ms (cache hit)
49 http cache rc-virtual-list@https://registry.npmjs.org/rc-virtual-list/-/rc-virtual-list-3.19.2.tgz 0ms (cache hit)
50 http cache react@https://registry.npmjs.org/react/-/react-18.3.1.tgz 0ms (cache hit)
51 http cache rc-util@https://registry.npmjs.org/rc-util/-/rc-util-5.44.4.tgz 0ms (cache hit)
52 http cache rc-upload@https://registry.npmjs.org/rc-upload/-/rc-upload-4.11.0.tgz 1ms (cache hit)
53 http cache rc-tree-select@https://registry.npmjs.org/rc-tree-select/-/rc-tree-select-5.27.0.tgz 0ms (cache hit)
54 http cache rc-tooltip@https://registry.npmjs.org/rc-tooltip/-/rc-tooltip-6.4.0.tgz 0ms (cache hit)
55 http cache rc-tree@https://registry.npmjs.org/rc-tree/-/rc-tree-5.13.1.tgz 0ms (cache hit)
56 http cache rc-table@https://registry.npmjs.org/rc-table/-/rc-table-7.54.0.tgz 0ms (cache hit)
57 http cache rc-switch@https://registry.npmjs.org/rc-switch/-/rc-switch-4.1.0.tgz 0ms (cache hit)
58 http cache rc-steps@https://registry.npmjs.org/rc-steps/-/rc-steps-6.0.1.tgz 0ms (cache hit)
59 http cache rc-textarea@https://registry.npmjs.org/rc-textarea/-/rc-textarea-1.10.2.tgz 0ms (cache hit)
60 http cache rc-tabs@https://registry.npmjs.org/rc-tabs/-/rc-tabs-15.7.0.tgz 0ms (cache hit)
61 http cache rc-select@https://registry.npmjs.org/rc-select/-/rc-select-14.16.8.tgz 0ms (cache hit)
62 http cache rc-resize-observer@https://registry.npmjs.org/rc-resize-observer/-/rc-resize-observer-1.4.3.tgz 0ms (cache hit)
63 http cache rc-slider@https://registry.npmjs.org/rc-slider/-/rc-slider-11.1.9.tgz 0ms (cache hit)
64 http cache rc-segmented@https://registry.npmjs.org/rc-segmented/-/rc-segmented-2.7.1.tgz 0ms (cache hit)
65 http cache rc-rate@https://registry.npmjs.org/rc-rate/-/rc-rate-2.13.1.tgz 0ms (cache hit)
66 http cache rc-picker@https://registry.npmjs.org/rc-picker/-/rc-picker-4.11.3.tgz 0ms (cache hit)
67 http cache rc-pagination@https://registry.npmjs.org/rc-pagination/-/rc-pagination-5.1.0.tgz 0ms (cache hit)
68 http cache rc-overflow@https://registry.npmjs.org/rc-overflow/-/rc-overflow-1.5.0.tgz 0ms (cache hit)
69 http cache rc-progress@https://registry.npmjs.org/rc-progress/-/rc-progress-4.0.0.tgz 0ms (cache hit)
70 http cache rc-motion@https://registry.npmjs.org/rc-motion/-/rc-motion-2.9.5.tgz 0ms (cache hit)
71 http cache rc-notification@https://registry.npmjs.org/rc-notification/-/rc-notification-5.6.4.tgz 0ms (cache hit)
72 http cache rc-mentions@https://registry.npmjs.org/rc-mentions/-/rc-mentions-2.20.0.tgz 0ms (cache hit)
73 http cache rc-menu@https://registry.npmjs.org/rc-menu/-/rc-menu-9.16.1.tgz 0ms (cache hit)
74 http cache rc-image@https://registry.npmjs.org/rc-image/-/rc-image-7.12.0.tgz 0ms (cache hit)
75 http cache rc-input-number@https://registry.npmjs.org/rc-input-number/-/rc-input-number-9.5.0.tgz 0ms (cache hit)
76 http cache rc-field-form@https://registry.npmjs.org/rc-field-form/-/rc-field-form-2.7.1.tgz 0ms (cache hit)
77 http cache rc-dropdown@https://registry.npmjs.org/rc-dropdown/-/rc-dropdown-4.2.1.tgz 0ms (cache hit)
78 http cache rc-drawer@https://registry.npmjs.org/rc-drawer/-/rc-drawer-7.3.0.tgz 0ms (cache hit)
79 http cache rc-input@https://registry.npmjs.org/rc-input/-/rc-input-1.8.0.tgz 0ms (cache hit)
80 http cache rc-dialog@https://registry.npmjs.org/rc-dialog/-/rc-dialog-9.6.0.tgz 0ms (cache hit)
81 http cache rc-collapse@https://registry.npmjs.org/rc-collapse/-/rc-collapse-3.9.0.tgz 0ms (cache hit)
82 http cache rc-checkbox@https://registry.npmjs.org/rc-checkbox/-/rc-checkbox-3.5.0.tgz 0ms (cache hit)
83 http cache proxy-from-env@https://registry.npmjs.org/proxy-from-env/-/proxy-from-env-2.1.0.tgz 0ms (cache hit)
84 http cache rc-cascader@https://registry.npmjs.org/rc-cascader/-/rc-cascader-3.34.0.tgz 0ms (cache hit)
85 http cache postcss-load-config@https://registry.npmjs.org/postcss-load-config/-/postcss-load-config-6.0.1.tgz 0ms (cache hit)
86 http cache queue-microtask@https://registry.npmjs.org/queue-microtask/-/queue-microtask-1.2.3.tgz 0ms (cache hit)
87 http cache postcss-selector-parser@https://registry.npmjs.org/postcss-selector-parser/-/postcss-selector-parser-6.1.2.tgz 0ms (cache hit)
88 http cache postcss-js@https://registry.npmjs.org/postcss-js/-/postcss-js-4.1.0.tgz 0ms (cache hit)
89 http cache postcss-value-parser@https://registry.npmjs.org/postcss-value-parser/-/postcss-value-parser-4.2.0.tgz 0ms (cache hit)
90 http cache postcss@https://registry.npmjs.org/postcss/-/postcss-8.5.15.tgz 0ms (cache hit)
91 http cache postcss-nested@https://registry.npmjs.org/postcss-nested/-/postcss-nested-6.2.0.tgz 0ms (cache hit)
92 http cache picomatch@https://registry.npmjs.org/picomatch/-/picomatch-2.3.2.tgz 0ms (cache hit)
93 http cache pirates@https://registry.npmjs.org/pirates/-/pirates-4.0.7.tgz 0ms (cache hit)
94 http cache picocolors@https://registry.npmjs.org/picocolors/-/picocolors-1.1.1.tgz 0ms (cache hit)
95 http cache postcss-import@https://registry.npmjs.org/postcss-import/-/postcss-import-15.1.0.tgz 0ms (cache hit)
96 http cache path-parse@https://registry.npmjs.org/path-parse/-/path-parse-1.0.7.tgz 0ms (cache hit)
97 http cache object-hash@https://registry.npmjs.org/object-hash/-/object-hash-3.0.0.tgz 0ms (cache hit)
98 http cache nanoid@https://registry.npmjs.org/nanoid/-/nanoid-3.3.12.tgz 0ms (cache hit)
99 http cache normalize-path@https://registry.npmjs.org/normalize-path/-/normalize-path-3.0.0.tgz 0ms (cache hit)
100 http cache object-assign@https://registry.npmjs.org/object-assign/-/object-assign-4.1.1.tgz 0ms (cache hit)
101 http cache node-releases@https://registry.npmjs.org/node-releases/-/node-releases-2.0.46.tgz 0ms (cache hit)
102 http cache pify@https://registry.npmjs.org/pify/-/pify-2.3.0.tgz 0ms (cache hit)
103 http cache ms@https://registry.npmjs.org/ms/-/ms-2.1.3.tgz 0ms (cache hit)
104 http cache mime-types@https://registry.npmjs.org/mime-types/-/mime-types-2.1.35.tgz 0ms (cache hit)
105 http cache mz@https://registry.npmjs.org/mz/-/mz-2.7.0.tgz 0ms (cache hit)
106 http cache mime-db@https://registry.npmjs.org/mime-db/-/mime-db-1.52.0.tgz 0ms (cache hit)
107 http cache merge2@https://registry.npmjs.org/merge2/-/merge2-1.4.1.tgz 0ms (cache hit)
108 http cache micromatch@https://registry.npmjs.org/micromatch/-/micromatch-4.0.8.tgz 0ms (cache hit)
109 http cache math-intrinsics@https://registry.npmjs.org/math-intrinsics/-/math-intrinsics-1.1.0.tgz 0ms (cache hit)
110 http cache lines-and-columns@https://registry.npmjs.org/lines-and-columns/-/lines-and-columns-1.2.4.tgz 0ms (cache hit)
111 http cache lru-cache@https://registry.npmjs.org/lru-cache/-/lru-cache-5.1.1.tgz 0ms (cache hit)
112 http cache lilconfig@https://registry.npmjs.org/lilconfig/-/lilconfig-3.1.3.tgz 0ms (cache hit)
113 http cache leaflet@https://registry.npmjs.org/leaflet/-/leaflet-1.9.4.tgz 0ms (cache hit)
114 http cache loose-envify@https://registry.npmjs.org/loose-envify/-/loose-envify-1.4.0.tgz 0ms (cache hit)
115 http cache jsesc@https://registry.npmjs.org/jsesc/-/jsesc-3.1.0.tgz 0ms (cache hit)
116 http cache json2mq@https://registry.npmjs.org/json2mq/-/json2mq-0.2.0.tgz 0ms (cache hit)
117 http cache json5@https://registry.npmjs.org/json5/-/json5-2.2.3.tgz 0ms (cache hit)
118 http cache js-tokens@https://registry.npmjs.org/js-tokens/-/js-tokens-4.0.0.tgz 0ms (cache hit)
119 http cache jiti@https://registry.npmjs.org/jiti/-/jiti-1.21.7.tgz 0ms (cache hit)
120 http cache is-glob@https://registry.npmjs.org/is-glob/-/is-glob-4.0.3.tgz 0ms (cache hit)
121 http cache is-number@https://registry.npmjs.org/is-number/-/is-number-7.0.0.tgz 0ms (cache hit)
122 http cache is-extglob@https://registry.npmjs.org/is-extglob/-/is-extglob-2.1.1.tgz 0ms (cache hit)
123 http cache https-proxy-agent@https://registry.npmjs.org/https-proxy-agent/-/https-proxy-agent-5.0.1.tgz 0ms (cache hit)
124 http cache is-core-module@https://registry.npmjs.org/is-core-module/-/is-core-module-2.16.2.tgz 0ms (cache hit)
125 http cache is-binary-path@https://registry.npmjs.org/is-binary-path/-/is-binary-path-2.1.0.tgz 0ms (cache hit)
126 http cache has-tostringtag@https://registry.npmjs.org/has-tostringtag/-/has-tostringtag-1.0.2.tgz 0ms (cache hit)
127 http cache hasown@https://registry.npmjs.org/hasown/-/hasown-2.0.3.tgz 0ms (cache hit)
128 http cache has-symbols@https://registry.npmjs.org/has-symbols/-/has-symbols-1.1.0.tgz 0ms (cache hit)
129 http cache gopd@https://registry.npmjs.org/gopd/-/gopd-1.2.0.tgz 0ms (cache hit)
130 http cache glob-parent@https://registry.npmjs.org/glob-parent/-/glob-parent-6.0.2.tgz 0ms (cache hit)
131 http cache get-intrinsic@https://registry.npmjs.org/get-intrinsic/-/get-intrinsic-1.3.0.tgz 0ms (cache hit)
132 http cache function-bind@https://registry.npmjs.org/function-bind/-/function-bind-1.1.2.tgz 0ms (cache hit)
133 http cache get-proto@https://registry.npmjs.org/get-proto/-/get-proto-1.0.1.tgz 0ms (cache hit)
134 http cache gensync@https://registry.npmjs.org/gensync/-/gensync-1.0.0-beta.2.tgz 0ms (cache hit)
135 http cache fraction.js@https://registry.npmjs.org/fraction.js/-/fraction.js-5.3.4.tgz 0ms (cache hit)
136 http cache form-data@https://registry.npmjs.org/form-data/-/form-data-4.0.5.tgz 0ms (cache hit)
137 http cache fastq@https://registry.npmjs.org/fastq/-/fastq-1.20.1.tgz 0ms (cache hit)
138 http cache follow-redirects@https://registry.npmjs.org/follow-redirects/-/follow-redirects-1.16.0.tgz 0ms (cache hit)
139 http cache fill-range@https://registry.npmjs.org/fill-range/-/fill-range-7.1.1.tgz 1ms (cache hit)
140 http cache fast-glob@https://registry.npmjs.org/fast-glob/-/fast-glob-3.3.3.tgz 0ms (cache hit)
141 http cache escalade@https://registry.npmjs.org/escalade/-/escalade-3.2.0.tgz 0ms (cache hit)
142 http cache esbuild@https://registry.npmjs.org/esbuild/-/esbuild-0.21.5.tgz 0ms (cache hit)
143 http cache es-define-property@https://registry.npmjs.org/es-define-property/-/es-define-property-1.0.1.tgz 0ms (cache hit)
144 http cache es-object-atoms@https://registry.npmjs.org/es-object-atoms/-/es-object-atoms-1.1.2.tgz 0ms (cache hit)
145 http cache es-errors@https://registry.npmjs.org/es-errors/-/es-errors-1.3.0.tgz 0ms (cache hit)
146 http cache dunder-proto@https://registry.npmjs.org/dunder-proto/-/dunder-proto-1.0.1.tgz 0ms (cache hit)
147 http cache dlv@https://registry.npmjs.org/dlv/-/dlv-1.1.3.tgz 0ms (cache hit)
148 http cache didyoumean@https://registry.npmjs.org/didyoumean/-/didyoumean-1.2.2.tgz 0ms (cache hit)
149 http cache debug@https://registry.npmjs.org/debug/-/debug-4.4.3.tgz 0ms (cache hit)
150 http cache electron-to-chromium@https://registry.npmjs.org/electron-to-chromium/-/electron-to-chromium-1.5.361.tgz 0ms (cache hit)
151 http cache csstype@https://registry.npmjs.org/csstype/-/csstype-3.2.3.tgz 0ms (cache hit)
152 http cache es-set-tostringtag@https://registry.npmjs.org/es-set-tostringtag/-/es-set-tostringtag-2.1.0.tgz 0ms (cache hit)
153 http cache delayed-stream@https://registry.npmjs.org/delayed-stream/-/delayed-stream-1.0.0.tgz 0ms (cache hit)
154 http cache dayjs@https://registry.npmjs.org/dayjs/-/dayjs-1.11.20.tgz 0ms (cache hit)
155 http cache copy-to-clipboard@https://registry.npmjs.org/copy-to-clipboard/-/copy-to-clipboard-3.3.3.tgz 0ms (cache hit)
156 http cache convert-source-map@https://registry.npmjs.org/convert-source-map/-/convert-source-map-2.0.0.tgz 0ms (cache hit)
157 http cache cssesc@https://registry.npmjs.org/cssesc/-/cssesc-3.0.0.tgz 0ms (cache hit)
158 http cache compute-scroll-into-view@https://registry.npmjs.org/compute-scroll-into-view/-/compute-scroll-into-view-3.1.1.tgz 0ms (cache hit)
159 http cache commander@https://registry.npmjs.org/commander/-/commander-4.1.1.tgz 0ms (cache hit)
160 http cache combined-stream@https://registry.npmjs.org/combined-stream/-/combined-stream-1.0.8.tgz 0ms (cache hit)
161 http cache classnames@https://registry.npmjs.org/classnames/-/classnames-2.5.1.tgz 0ms (cache hit)
162 http cache caniuse-lite@https://registry.npmjs.org/caniuse-lite/-/caniuse-lite-1.0.30001793.tgz 0ms (cache hit)
163 http cache camelcase-css@https://registry.npmjs.org/camelcase-css/-/camelcase-css-2.0.1.tgz 0ms (cache hit)
164 http cache chokidar@https://registry.npmjs.org/chokidar/-/chokidar-3.6.0.tgz 0ms (cache hit)
165 http cache call-bind-apply-helpers@https://registry.npmjs.org/call-bind-apply-helpers/-/call-bind-apply-helpers-1.0.2.tgz 0ms (cache hit)
166 http cache braces@https://registry.npmjs.org/braces/-/braces-3.0.3.tgz 0ms (cache hit)
167 http cache browserslist@https://registry.npmjs.org/browserslist/-/browserslist-4.28.2.tgz 0ms (cache hit)
168 http cache baseline-browser-mapping@https://registry.npmjs.org/baseline-browser-mapping/-/baseline-browser-mapping-2.10.32.tgz 0ms (cache hit)
169 http cache axios@https://registry.npmjs.org/axios/-/axios-1.16.1.tgz 0ms (cache hit)
170 http cache binary-extensions@https://registry.npmjs.org/binary-extensions/-/binary-extensions-2.3.0.tgz 0ms (cache hit)
171 http cache autoprefixer@https://registry.npmjs.org/autoprefixer/-/autoprefixer-10.5.0.tgz 0ms (cache hit)
172 http cache asynckit@https://registry.npmjs.org/asynckit/-/asynckit-0.4.0.tgz 0ms (cache hit)
173 http cache arg@https://registry.npmjs.org/arg/-/arg-5.0.2.tgz 0ms (cache hit)
174 http cache anymatch@https://registry.npmjs.org/anymatch/-/anymatch-3.1.3.tgz 0ms (cache hit)
175 http cache antd@https://registry.npmjs.org/antd/-/antd-5.29.3.tgz 0ms (cache hit)
176 http cache @vitejs/plugin-react@https://registry.npmjs.org/@vitejs/plugin-react/-/plugin-react-4.7.0.tgz 0ms (cache hit)
177 http cache @types/react-dom@https://registry.npmjs.org/@types/react-dom/-/react-dom-18.3.7.tgz 0ms (cache hit)
178 http cache any-promise@https://registry.npmjs.org/any-promise/-/any-promise-1.3.0.tgz 0ms (cache hit)
179 http cache agent-base@https://registry.npmjs.org/agent-base/-/agent-base-6.0.2.tgz 0ms (cache hit)
180 http cache @types/react@https://registry.npmjs.org/@types/react/-/react-18.3.29.tgz 0ms (cache hit)
181 http cache @types/prop-types@https://registry.npmjs.org/@types/prop-types/-/prop-types-15.7.15.tgz 0ms (cache hit)
182 http cache @types/babel__traverse@https://registry.npmjs.org/@types/babel__traverse/-/babel__traverse-7.28.0.tgz 0ms (cache hit)
183 http cache @types/estree@https://registry.npmjs.org/@types/estree/-/estree-1.0.8.tgz 0ms (cache hit)
184 http cache @types/babel__generator@https://registry.npmjs.org/@types/babel__generator/-/babel__generator-7.27.0.tgz 0ms (cache hit)
185 http cache @types/babel__template@https://registry.npmjs.org/@types/babel__template/-/babel__template-7.4.4.tgz 0ms (cache hit)
186 http cache @rollup/rollup-win32-x64-msvc@https://registry.npmjs.org/@rollup/rollup-win32-x64-msvc/-/rollup-win32-x64-msvc-4.60.4.tgz 0ms (cache hit)
187 http cache @types/babel__core@https://registry.npmjs.org/@types/babel__core/-/babel__core-7.20.5.tgz 0ms (cache hit)
188 http cache @remix-run/router@https://registry.npmjs.org/@remix-run/router/-/router-1.23.2.tgz 0ms (cache hit)
189 http cache @rollup/rollup-win32-x64-gnu@https://registry.npmjs.org/@rollup/rollup-win32-x64-gnu/-/rollup-win32-x64-gnu-4.60.4.tgz 0ms (cache hit)
190 http cache @rolldown/pluginutils@https://registry.npmjs.org/@rolldown/pluginutils/-/pluginutils-1.0.0-beta.27.tgz 0ms (cache hit)
191 http cache @rc-component/tour@https://registry.npmjs.org/@rc-component/tour/-/tour-1.15.1.tgz 0ms (cache hit)
192 http cache @react-leaflet/core@https://registry.npmjs.org/@react-leaflet/core/-/core-2.1.0.tgz 0ms (cache hit)
193 http cache @rc-component/trigger@https://registry.npmjs.org/@rc-component/trigger/-/trigger-2.3.1.tgz 0ms (cache hit)
194 http cache @rc-component/qrcode@https://registry.npmjs.org/@rc-component/qrcode/-/qrcode-1.1.1.tgz 0ms (cache hit)
195 http cache @rc-component/portal@https://registry.npmjs.org/@rc-component/portal/-/portal-1.1.2.tgz 0ms (cache hit)
196 http cache @rc-component/mini-decimal@https://registry.npmjs.org/@rc-component/mini-decimal/-/mini-decimal-1.1.3.tgz 0ms (cache hit)
197 http cache @rc-component/mutate-observer@https://registry.npmjs.org/@rc-component/mutate-observer/-/mutate-observer-1.1.0.tgz 0ms (cache hit)
198 http cache @rc-component/context@https://registry.npmjs.org/@rc-component/context/-/context-1.4.0.tgz 0ms (cache hit)
199 http cache @nodelib/fs.walk@https://registry.npmjs.org/@nodelib/fs.walk/-/fs.walk-1.2.8.tgz 0ms (cache hit)
200 http cache @rc-component/color-picker@https://registry.npmjs.org/@rc-component/color-picker/-/color-picker-2.0.1.tgz 0ms (cache hit)
201 http cache @nodelib/fs.stat@https://registry.npmjs.org/@nodelib/fs.stat/-/fs.stat-2.0.5.tgz 0ms (cache hit)
202 http cache @rc-component/async-validator@https://registry.npmjs.org/@rc-component/async-validator/-/async-validator-5.1.0.tgz 0ms (cache hit)
203 http cache @jridgewell/sourcemap-codec@https://registry.npmjs.org/@jridgewell/sourcemap-codec/-/sourcemap-codec-1.5.5.tgz 0ms (cache hit)
204 http cache @jridgewell/trace-mapping@https://registry.npmjs.org/@jridgewell/trace-mapping/-/trace-mapping-0.3.31.tgz 0ms (cache hit)
205 http cache @nodelib/fs.scandir@https://registry.npmjs.org/@nodelib/fs.scandir/-/fs.scandir-2.1.5.tgz 0ms (cache hit)
206 http cache @jridgewell/remapping@https://registry.npmjs.org/@jridgewell/remapping/-/remapping-2.3.5.tgz 0ms (cache hit)
207 http cache @jridgewell/gen-mapping@https://registry.npmjs.org/@jridgewell/gen-mapping/-/gen-mapping-0.3.13.tgz 0ms (cache hit)
208 http cache @jridgewell/resolve-uri@https://registry.npmjs.org/@jridgewell/resolve-uri/-/resolve-uri-3.1.2.tgz 0ms (cache hit)
209 http cache @babel/template@https://registry.npmjs.org/@babel/template/-/template-7.28.6.tgz 0ms (cache hit)
210 http cache @babel/types@https://registry.npmjs.org/@babel/types/-/types-7.29.0.tgz 0ms (cache hit)
211 http cache @esbuild/win32-x64@https://registry.npmjs.org/@esbuild/win32-x64/-/win32-x64-0.21.5.tgz 0ms (cache hit)
212 http cache @emotion/hash@https://registry.npmjs.org/@emotion/hash/-/hash-0.8.0.tgz 0ms (cache hit)
213 http cache @emotion/unitless@https://registry.npmjs.org/@emotion/unitless/-/unitless-0.7.5.tgz 0ms (cache hit)
214 http cache @babel/traverse@https://registry.npmjs.org/@babel/traverse/-/traverse-7.29.0.tgz 0ms (cache hit)
215 http cache @babel/runtime@https://registry.npmjs.org/@babel/runtime/-/runtime-7.29.2.tgz 0ms (cache hit)
216 http cache @babel/plugin-transform-react-jsx-self@https://registry.npmjs.org/@babel/plugin-transform-react-jsx-self/-/plugin-transform-react-jsx-self-7.27.1.tgz 0ms (cache hit)
217 http cache @babel/plugin-transform-react-jsx-source@https://registry.npmjs.org/@babel/plugin-transform-react-jsx-source/-/plugin-transform-react-jsx-source-7.27.1.tgz 0ms (cache hit)
218 http cache @babel/helper-validator-option@https://registry.npmjs.org/@babel/helper-validator-option/-/helper-validator-option-7.27.1.tgz 0ms (cache hit)
219 http cache @babel/parser@https://registry.npmjs.org/@babel/parser/-/parser-7.29.3.tgz 0ms (cache hit)
220 http cache @babel/helpers@https://registry.npmjs.org/@babel/helpers/-/helpers-7.29.2.tgz 0ms (cache hit)
221 http cache @babel/helper-validator-identifier@https://registry.npmjs.org/@babel/helper-validator-identifier/-/helper-validator-identifier-7.28.5.tgz 0ms (cache hit)
222 http cache @babel/helper-module-imports@https://registry.npmjs.org/@babel/helper-module-imports/-/helper-module-imports-7.28.6.tgz 0ms (cache hit)
223 http cache @babel/helper-string-parser@https://registry.npmjs.org/@babel/helper-string-parser/-/helper-string-parser-7.27.1.tgz 0ms (cache hit)
224 http cache @babel/helper-module-transforms@https://registry.npmjs.org/@babel/helper-module-transforms/-/helper-module-transforms-7.28.6.tgz 0ms (cache hit)
225 http cache @babel/helper-plugin-utils@https://registry.npmjs.org/@babel/helper-plugin-utils/-/helper-plugin-utils-7.28.6.tgz 0ms (cache hit)
226 http cache @babel/core@https://registry.npmjs.org/@babel/core/-/core-7.29.0.tgz 0ms (cache hit)
227 http cache @babel/helper-globals@https://registry.npmjs.org/@babel/helper-globals/-/helper-globals-7.28.0.tgz 0ms (cache hit)
228 http cache @babel/generator@https://registry.npmjs.org/@babel/generator/-/generator-7.29.1.tgz 0ms (cache hit)
229 http cache @babel/helper-compilation-targets@https://registry.npmjs.org/@babel/helper-compilation-targets/-/helper-compilation-targets-7.28.6.tgz 0ms (cache hit)
230 http cache @babel/code-frame@https://registry.npmjs.org/@babel/code-frame/-/code-frame-7.29.0.tgz 0ms (cache hit)
231 http cache @babel/compat-data@https://registry.npmjs.org/@babel/compat-data/-/compat-data-7.29.3.tgz 0ms (cache hit)
232 http cache @ant-design/icons-svg@https://registry.npmjs.org/@ant-design/icons-svg/-/icons-svg-4.4.2.tgz 0ms (cache hit)
233 http cache @ant-design/react-slick@https://registry.npmjs.org/@ant-design/react-slick/-/react-slick-1.1.2.tgz 0ms (cache hit)
234 http cache picomatch@https://registry.npmjs.org/picomatch/-/picomatch-4.0.4.tgz 0ms (cache hit)
235 http cache @alloc/quick-lru@https://registry.npmjs.org/@alloc/quick-lru/-/quick-lru-5.2.0.tgz 0ms (cache hit)
236 http cache @ant-design/fast-color@https://registry.npmjs.org/@ant-design/fast-color/-/fast-color-2.0.6.tgz 0ms (cache hit)
237 http cache @ant-design/cssinjs@https://registry.npmjs.org/@ant-design/cssinjs/-/cssinjs-1.24.0.tgz 0ms (cache hit)
238 http cache @ant-design/icons@https://registry.npmjs.org/@ant-design/icons/-/icons-5.6.1.tgz 0ms (cache hit)
239 http cache @ant-design/colors@https://registry.npmjs.org/@ant-design/colors/-/colors-7.2.1.tgz 0ms (cache hit)
240 http cache @ant-design/cssinjs-utils@https://registry.npmjs.org/@ant-design/cssinjs-utils/-/cssinjs-utils-1.1.3.tgz 0ms (cache hit)
241 http cache fdir@https://registry.npmjs.org/fdir/-/fdir-6.5.0.tgz 0ms (cache hit)
242 http cache glob-parent@https://registry.npmjs.org/glob-parent/-/glob-parent-5.1.2.tgz 0ms (cache hit)
243 http cache glob-parent@https://registry.npmjs.org/glob-parent/-/glob-parent-5.1.2.tgz 0ms (cache hit)
244 http fetch POST 200 https://registry.npmjs.org/-/npm/v1/security/advisories/bulk 1405ms
245 silly audit report {
245 silly audit report   esbuild: [
245 silly audit report     {
245 silly audit report       id: 1102341,
245 silly audit report       url: 'https://github.com/advisories/GHSA-67mh-4wv8-2f99',
245 silly audit report       title: 'esbuild enables any website to send any requests to the development server and read the response',
245 silly audit report       severity: 'moderate',
245 silly audit report       vulnerable_versions: '<=0.24.2',
245 silly audit report       cwe: [Array],
245 silly audit report       cvss: [Object]
245 silly audit report     }
245 silly audit report   ],
245 silly audit report   vite: [
245 silly audit report     {
245 silly audit report       id: 1116229,
245 silly audit report       url: 'https://github.com/advisories/GHSA-4w7w-66w2-5vf9',
245 silly audit report       title: 'Vite Vulnerable to Path Traversal in Optimized Deps `.map` Handling',
245 silly audit report       severity: 'moderate',
245 silly audit report       vulnerable_versions: '<=6.4.1',
245 silly audit report       cwe: [Array],
245 silly audit report       cvss: [Object]
245 silly audit report     }
245 silly audit report   ]
245 silly audit report }
246 silly packumentCache corgi:https://registry.npmjs.org/esbuild cache-miss
247 silly packumentCache corgi:https://registry.npmjs.org/vite cache-miss
248 http fetch GET 200 https://registry.npmjs.org/esbuild 436ms (cache revalidated)
249 silly packumentCache corgi:https://registry.npmjs.org/esbuild set size:885757 disposed:false
250 http fetch GET 200 https://registry.npmjs.org/vite 552ms (cache revalidated)
251 silly packumentCache corgi:https://registry.npmjs.org/vite set size:2249718 disposed:false
252 silly packumentCache corgi:https://registry.npmjs.org/@vitejs%2fplugin-react cache-miss
253 http fetch GET 200 https://registry.npmjs.org/@vitejs%2fplugin-react 185ms (cache revalidated)
254 silly packumentCache corgi:https://registry.npmjs.org/@vitejs%2fplugin-react set size:113751 disposed:false
255 info run esbuild@0.21.5 postinstall node_modules/esbuild node install.js
256 info run esbuild@0.21.5 postinstall { code: 0, signal: null }
257 silly ADD node_modules/yallist
258 silly ADD node_modules/vite
259 silly ADD node_modules/util-deprecate
260 silly ADD node_modules/update-browserslist-db
261 silly ADD node_modules/ts-interface-checker
262 silly ADD node_modules/toggle-selection
263 silly ADD node_modules/to-regex-range
264 silly ADD node_modules/tinyglobby
265 silly ADD node_modules/tinyglobby/node_modules/picomatch
266 silly ADD node_modules/tinyglobby/node_modules/fdir
267 silly ADD node_modules/throttle-debounce
268 silly ADD node_modules/thenify-all
269 silly ADD node_modules/thenify
270 silly ADD node_modules/tailwindcss
271 silly ADD node_modules/supports-preserve-symlinks-flag
272 silly ADD node_modules/sucrase
273 silly ADD node_modules/stylis
274 silly ADD node_modules/string-convert
275 silly ADD node_modules/source-map-js
276 silly ADD node_modules/semver
277 silly ADD node_modules/scroll-into-view-if-needed
278 silly ADD node_modules/scheduler
279 silly ADD node_modules/run-parallel
280 silly ADD node_modules/rollup
281 silly ADD node_modules/reusify
282 silly ADD node_modules/resolve
283 silly ADD node_modules/resize-observer-polyfill
284 silly ADD node_modules/readdirp
285 silly ADD node_modules/read-cache
286 silly ADD node_modules/react-router-dom
287 silly ADD node_modules/react-router
288 silly ADD node_modules/react-refresh
289 silly ADD node_modules/react-leaflet
290 silly ADD node_modules/react-is
291 silly ADD node_modules/react-dom
292 silly ADD node_modules/react
293 silly ADD node_modules/rc-virtual-list
294 silly ADD node_modules/rc-util
295 silly ADD node_modules/rc-upload
296 silly ADD node_modules/rc-tree-select
297 silly ADD node_modules/rc-tree
298 silly ADD node_modules/rc-tooltip
299 silly ADD node_modules/rc-textarea
300 silly ADD node_modules/rc-tabs
301 silly ADD node_modules/rc-table
302 silly ADD node_modules/rc-switch
303 silly ADD node_modules/rc-steps
304 silly ADD node_modules/rc-slider
305 silly ADD node_modules/rc-select
306 silly ADD node_modules/rc-segmented
307 silly ADD node_modules/rc-resize-observer
308 silly ADD node_modules/rc-rate
309 silly ADD node_modules/rc-progress
310 silly ADD node_modules/rc-picker
311 silly ADD node_modules/rc-pagination
312 silly ADD node_modules/rc-overflow
313 silly ADD node_modules/rc-notification
314 silly ADD node_modules/rc-motion
315 silly ADD node_modules/rc-menu
316 silly ADD node_modules/rc-mentions
317 silly ADD node_modules/rc-input-number
318 silly ADD node_modules/rc-input
319 silly ADD node_modules/rc-image
320 silly ADD node_modules/rc-field-form
321 silly ADD node_modules/rc-dropdown
322 silly ADD node_modules/rc-drawer
323 silly ADD node_modules/rc-dialog
324 silly ADD node_modules/rc-collapse
325 silly ADD node_modules/rc-checkbox
326 silly ADD node_modules/rc-cascader
327 silly ADD node_modules/queue-microtask
328 silly ADD node_modules/proxy-from-env
329 silly ADD node_modules/postcss-value-parser
330 silly ADD node_modules/postcss-selector-parser
331 silly ADD node_modules/postcss-nested
332 silly ADD node_modules/postcss-load-config
333 silly ADD node_modules/postcss-js
334 silly ADD node_modules/postcss-import
335 silly ADD node_modules/postcss
336 silly ADD node_modules/pirates
337 silly ADD node_modules/pify
338 silly ADD node_modules/picomatch
339 silly ADD node_modules/picocolors
340 silly ADD node_modules/path-parse
341 silly ADD node_modules/object-hash
342 silly ADD node_modules/object-assign
343 silly ADD node_modules/normalize-path
344 silly ADD node_modules/node-releases
345 silly ADD node_modules/nanoid
346 silly ADD node_modules/mz
347 silly ADD node_modules/ms
348 silly ADD node_modules/mime-types
349 silly ADD node_modules/mime-db
350 silly ADD node_modules/micromatch
351 silly ADD node_modules/merge2
352 silly ADD node_modules/math-intrinsics
353 silly ADD node_modules/lru-cache
354 silly ADD node_modules/loose-envify
355 silly ADD node_modules/lines-and-columns
356 silly ADD node_modules/lilconfig
357 silly ADD node_modules/leaflet
358 silly ADD node_modules/json5
359 silly ADD node_modules/json2mq
360 silly ADD node_modules/jsesc
361 silly ADD node_modules/js-tokens
362 silly ADD node_modules/jiti
363 silly ADD node_modules/is-number
364 silly ADD node_modules/is-glob
365 silly ADD node_modules/is-extglob
366 silly ADD node_modules/is-core-module
367 silly ADD node_modules/is-binary-path
368 silly ADD node_modules/https-proxy-agent
369 silly ADD node_modules/hasown
370 silly ADD node_modules/has-tostringtag
371 silly ADD node_modules/has-symbols
372 silly ADD node_modules/gopd
373 silly ADD node_modules/glob-parent
374 silly ADD node_modules/get-proto
375 silly ADD node_modules/get-intrinsic
376 silly ADD node_modules/gensync
377 silly ADD node_modules/function-bind
378 silly ADD node_modules/fraction.js
379 silly ADD node_modules/form-data
380 silly ADD node_modules/follow-redirects
381 silly ADD node_modules/fill-range
382 silly ADD node_modules/fastq
383 silly ADD node_modules/fast-glob
384 silly ADD node_modules/fast-glob/node_modules/glob-parent
385 silly ADD node_modules/escalade
386 silly ADD node_modules/esbuild
387 silly ADD node_modules/es-set-tostringtag
388 silly ADD node_modules/es-object-atoms
389 silly ADD node_modules/es-errors
390 silly ADD node_modules/es-define-property
391 silly ADD node_modules/electron-to-chromium
392 silly ADD node_modules/dunder-proto
393 silly ADD node_modules/dlv
394 silly ADD node_modules/didyoumean
395 silly ADD node_modules/delayed-stream
396 silly ADD node_modules/debug
397 silly ADD node_modules/dayjs
398 silly ADD node_modules/csstype
399 silly ADD node_modules/cssesc
400 silly ADD node_modules/copy-to-clipboard
401 silly ADD node_modules/convert-source-map
402 silly ADD node_modules/compute-scroll-into-view
403 silly ADD node_modules/commander
404 silly ADD node_modules/combined-stream
405 silly ADD node_modules/classnames
406 silly ADD node_modules/chokidar
407 silly ADD node_modules/chokidar/node_modules/glob-parent
408 silly ADD node_modules/caniuse-lite
409 silly ADD node_modules/camelcase-css
410 silly ADD node_modules/call-bind-apply-helpers
411 silly ADD node_modules/browserslist
412 silly ADD node_modules/braces
413 silly ADD node_modules/binary-extensions
414 silly ADD node_modules/baseline-browser-mapping
415 silly ADD node_modules/axios
416 silly ADD node_modules/autoprefixer
417 silly ADD node_modules/asynckit
418 silly ADD node_modules/arg
419 silly ADD node_modules/anymatch
420 silly ADD node_modules/any-promise
421 silly ADD node_modules/antd
422 silly ADD node_modules/agent-base
423 silly ADD node_modules/@vitejs/plugin-react
424 silly ADD node_modules/@types/react-dom
425 silly ADD node_modules/@types/react
426 silly ADD node_modules/@types/prop-types
427 silly ADD node_modules/@types/estree
428 silly ADD node_modules/@types/babel__traverse
429 silly ADD node_modules/@types/babel__template
430 silly ADD node_modules/@types/babel__generator
431 silly ADD node_modules/@types/babel__core
432 silly ADD node_modules/@rollup/rollup-win32-x64-msvc
433 silly ADD node_modules/@rollup/rollup-win32-x64-gnu
434 silly ADD node_modules/@rolldown/pluginutils
435 silly ADD node_modules/@remix-run/router
436 silly ADD node_modules/@react-leaflet/core
437 silly ADD node_modules/@rc-component/trigger
438 silly ADD node_modules/@rc-component/tour
439 silly ADD node_modules/@rc-component/qrcode
440 silly ADD node_modules/@rc-component/portal
441 silly ADD node_modules/@rc-component/mutate-observer
442 silly ADD node_modules/@rc-component/mini-decimal
443 silly ADD node_modules/@rc-component/context
444 silly ADD node_modules/@rc-component/color-picker
445 silly ADD node_modules/@rc-component/async-validator
446 silly ADD node_modules/@nodelib/fs.walk
447 silly ADD node_modules/@nodelib/fs.stat
448 silly ADD node_modules/@nodelib/fs.scandir
449 silly ADD node_modules/@jridgewell/trace-mapping
450 silly ADD node_modules/@jridgewell/sourcemap-codec
451 silly ADD node_modules/@jridgewell/resolve-uri
452 silly ADD node_modules/@jridgewell/remapping
453 silly ADD node_modules/@jridgewell/gen-mapping
454 silly ADD node_modules/@esbuild/win32-x64
455 silly ADD node_modules/@emotion/unitless
456 silly ADD node_modules/@emotion/hash
457 silly ADD node_modules/@babel/types
458 silly ADD node_modules/@babel/traverse
459 silly ADD node_modules/@babel/template
460 silly ADD node_modules/@babel/runtime
461 silly ADD node_modules/@babel/plugin-transform-react-jsx-source
462 silly ADD node_modules/@babel/plugin-transform-react-jsx-self
463 silly ADD node_modules/@babel/parser
464 silly ADD node_modules/@babel/helpers
465 silly ADD node_modules/@babel/helper-validator-option
466 silly ADD node_modules/@babel/helper-validator-identifier
467 silly ADD node_modules/@babel/helper-string-parser
468 silly ADD node_modules/@babel/helper-plugin-utils
469 silly ADD node_modules/@babel/helper-module-transforms
470 silly ADD node_modules/@babel/helper-module-imports
471 silly ADD node_modules/@babel/helper-globals
472 silly ADD node_modules/@babel/helper-compilation-targets
473 silly ADD node_modules/@babel/generator
474 silly ADD node_modules/@babel/core
475 silly ADD node_modules/@babel/compat-data
476 silly ADD node_modules/@babel/code-frame
477 silly ADD node_modules/@ant-design/react-slick
478 silly ADD node_modules/@ant-design/icons-svg
479 silly ADD node_modules/@ant-design/icons
480 silly ADD node_modules/@ant-design/fast-color
481 silly ADD node_modules/@ant-design/cssinjs-utils
482 silly ADD node_modules/@ant-design/cssinjs
483 silly ADD node_modules/@ant-design/colors
484 silly ADD node_modules/@alloc/quick-lru
485 verbose cwd F:\CC_projects\travel_plan\frontend
486 verbose os Windows_NT 10.0.26200
487 verbose node v24.16.0
488 verbose npm  v11.13.0
489 verbose exit 0
490 info ok
