0 verbose cli F:\Program Files\nodejs\node.exe F:\Program Files\nodejs\node_modules\npm\bin\npm-cli.js
1 info using npm@11.13.0
2 info using node@v24.16.0
3 silly config load:file:F:\Program Files\nodejs\node_modules\npm\npmrc
4 silly config load:file:F:\CC_projects\travel_plan\frontend\.npmrc
5 silly config load:file:C:\Users\xara\.npmrc
6 silly config load:file:F:\Program Files\nodejs\node_global\etc\npmrc
7 verbose title npm install
8 verbose argv "install" "--cache" "F:/CC_projects/travel_plan/frontend/.npm-cache"
9 verbose logfile logs-max:10 dir:F:\CC_projects\travel_plan\frontend\.npm-cache\_logs\2026-05-24T07_51_41_399Z-
10 verbose logfile F:\CC_projects\travel_plan\frontend\.npm-cache\_logs\2026-05-24T07_51_41_399Z-debug-0.log
11 silly logfile done cleaning log files
12 silly packumentCache heap:4496293888 maxSize:1124073472 maxEntrySize:562036736
13 silly idealTree buildDeps
14 silly reify moves {}
15 silly audit bulk request {
15 silly audit   '@alloc/quick-lru': [ '5.2.0' ],
15 silly audit   '@ant-design/colors': [ '7.2.1' ],
15 silly audit   '@ant-design/cssinjs': [ '1.24.0' ],
15 silly audit   '@ant-design/cssinjs-utils': [ '1.1.3' ],
15 silly audit   '@ant-design/fast-color': [ '2.0.6' ],
15 silly audit   '@ant-design/icons': [ '5.6.1' ],
15 silly audit   '@ant-design/icons-svg': [ '4.4.2' ],
15 silly audit   '@ant-design/react-slick': [ '1.1.2' ],
15 silly audit   '@babel/code-frame': [ '7.29.0' ],
15 silly audit   '@babel/compat-data': [ '7.29.3' ],
15 silly audit   '@babel/core': [ '7.29.0' ],
15 silly audit   '@babel/generator': [ '7.29.1' ],
15 silly audit   '@babel/helper-compilation-targets': [ '7.28.6' ],
15 silly audit   '@babel/helper-globals': [ '7.28.0' ],
15 silly audit   '@babel/helper-module-imports': [ '7.28.6' ],
15 silly audit   '@babel/helper-module-transforms': [ '7.28.6' ],
15 silly audit   '@babel/helper-plugin-utils': [ '7.28.6' ],
15 silly audit   '@babel/helper-string-parser': [ '7.27.1' ],
15 silly audit   '@babel/helper-validator-identifier': [ '7.28.5' ],
15 silly audit   '@babel/helper-validator-option': [ '7.27.1' ],
15 silly audit   '@babel/helpers': [ '7.29.2' ],
15 silly audit   '@babel/parser': [ '7.29.3' ],
15 silly audit   '@babel/plugin-transform-react-jsx-self': [ '7.27.1' ],
15 silly audit   '@babel/plugin-transform-react-jsx-source': [ '7.27.1' ],
15 silly audit   '@babel/runtime': [ '7.29.2' ],
15 silly audit   '@babel/template': [ '7.28.6' ],
15 silly audit   '@babel/traverse': [ '7.29.0' ],
15 silly audit   '@babel/types': [ '7.29.0' ],
15 silly audit   '@emotion/hash': [ '0.8.0' ],
15 silly audit   '@emotion/unitless': [ '0.7.5' ],
15 silly audit   '@esbuild/aix-ppc64': [ '0.21.5' ],
15 silly audit   '@esbuild/android-arm': [ '0.21.5' ],
15 silly audit   '@esbuild/android-arm64': [ '0.21.5' ],
15 silly audit   '@esbuild/android-x64': [ '0.21.5' ],
15 silly audit   '@esbuild/darwin-arm64': [ '0.21.5' ],
15 silly audit   '@esbuild/darwin-x64': [ '0.21.5' ],
15 silly audit   '@esbuild/freebsd-arm64': [ '0.21.5' ],
15 silly audit   '@esbuild/freebsd-x64': [ '0.21.5' ],
15 silly audit   '@esbuild/linux-arm': [ '0.21.5' ],
15 silly audit   '@esbuild/linux-arm64': [ '0.21.5' ],
15 silly audit   '@esbuild/linux-ia32': [ '0.21.5' ],
15 silly audit   '@esbuild/linux-loong64': [ '0.21.5' ],
15 silly audit   '@esbuild/linux-mips64el': [ '0.21.5' ],
15 silly audit   '@esbuild/linux-ppc64': [ '0.21.5' ],
15 silly audit   '@esbuild/linux-riscv64': [ '0.21.5' ],
15 silly audit   '@esbuild/linux-s390x': [ '0.21.5' ],
15 silly audit   '@esbuild/linux-x64': [ '0.21.5' ],
15 silly audit   '@esbuild/netbsd-x64': [ '0.21.5' ],
15 silly audit   '@esbuild/openbsd-x64': [ '0.21.5' ],
15 silly audit   '@esbuild/sunos-x64': [ '0.21.5' ],
15 silly audit   '@esbuild/win32-arm64': [ '0.21.5' ],
15 silly audit   '@esbuild/win32-ia32': [ '0.21.5' ],
15 silly audit   '@esbuild/win32-x64': [ '0.21.5' ],
15 silly audit   '@jridgewell/gen-mapping': [ '0.3.13' ],
15 silly audit   '@jridgewell/remapping': [ '2.3.5' ],
15 silly audit   '@jridgewell/resolve-uri': [ '3.1.2' ],
15 silly audit   '@jridgewell/sourcemap-codec': [ '1.5.5' ],
15 silly audit   '@jridgewell/trace-mapping': [ '0.3.31' ],
15 silly audit   '@nodelib/fs.scandir': [ '2.1.5' ],
15 silly audit   '@nodelib/fs.stat': [ '2.0.5' ],
15 silly audit   '@nodelib/fs.walk': [ '1.2.8' ],
15 silly audit   '@rc-component/async-validator': [ '5.1.0' ],
15 silly audit   '@rc-component/color-picker': [ '2.0.1' ],
15 silly audit   '@rc-component/context': [ '1.4.0' ],
15 silly audit   '@rc-component/mini-decimal': [ '1.1.3' ],
15 silly audit   '@rc-component/mutate-observer': [ '1.1.0' ],
15 silly audit   '@rc-component/portal': [ '1.1.2' ],
15 silly audit   '@rc-component/qrcode': [ '1.1.1' ],
15 silly audit   '@rc-component/tour': [ '1.15.1' ],
15 silly audit   '@rc-component/trigger': [ '2.3.1' ],
15 silly audit   '@react-leaflet/core': [ '2.1.0' ],
15 silly audit   '@remix-run/router': [ '1.23.2' ],
15 silly audit   '@rolldown/pluginutils': [ '1.0.0-beta.27' ],
15 silly audit   '@rollup/rollup-android-arm-eabi': [ '4.60.4' ],
15 silly audit   '@rollup/rollup-android-arm64': [ '4.60.4' ],
15 silly audit   '@rollup/rollup-darwin-arm64': [ '4.60.4' ],
15 silly audit   '@rollup/rollup-darwin-x64': [ '4.60.4' ],
15 silly audit   '@rollup/rollup-freebsd-arm64': [ '4.60.4' ],
15 silly audit   '@rollup/rollup-freebsd-x64': [ '4.60.4' ],
15 silly audit   '@rollup/rollup-linux-arm-gnueabihf': [ '4.60.4' ],
15 silly audit   '@rollup/rollup-linux-arm-musleabihf': [ '4.60.4' ],
15 silly audit   '@rollup/rollup-linux-arm64-gnu': [ '4.60.4' ],
15 silly audit   '@rollup/rollup-linux-arm64-musl': [ '4.60.4' ],
15 silly audit   '@rollup/rollup-linux-loong64-gnu': [ '4.60.4' ],
15 silly audit   '@rollup/rollup-linux-loong64-musl': [ '4.60.4' ],
15 silly audit   '@rollup/rollup-linux-ppc64-gnu': [ '4.60.4' ],
15 silly audit   '@rollup/rollup-linux-ppc64-musl': [ '4.60.4' ],
15 silly audit   '@rollup/rollup-linux-riscv64-gnu': [ '4.60.4' ],
15 silly audit   '@rollup/rollup-linux-riscv64-musl': [ '4.60.4' ],
15 silly audit   '@rollup/rollup-linux-s390x-gnu': [ '4.60.4' ],
15 silly audit   '@rollup/rollup-linux-x64-gnu': [ '4.60.4' ],
15 silly audit   '@rollup/rollup-linux-x64-musl': [ '4.60.4' ],
15 silly audit   '@rollup/rollup-openbsd-x64': [ '4.60.4' ],
15 silly audit   '@rollup/rollup-openharmony-arm64': [ '4.60.4' ],
15 silly audit   '@rollup/rollup-win32-arm64-msvc': [ '4.60.4' ],
15 silly audit   '@rollup/rollup-win32-ia32-msvc': [ '4.60.4' ],
15 silly audit   '@rollup/rollup-win32-x64-gnu': [ '4.60.4' ],
15 silly audit   '@rollup/rollup-win32-x64-msvc': [ '4.60.4' ],
15 silly audit   '@types/babel__core': [ '7.20.5' ],
15 silly audit   '@types/babel__generator': [ '7.27.0' ],
15 silly audit   '@types/babel__template': [ '7.4.4' ],
15 silly audit   '@types/babel__traverse': [ '7.28.0' ],
15 silly audit   '@types/estree': [ '1.0.8' ],
15 silly audit   '@types/prop-types': [ '15.7.15' ],
15 silly audit   '@types/react': [ '18.3.29' ],
15 silly audit   '@types/react-dom': [ '18.3.7' ],
15 silly audit   '@vitejs/plugin-react': [ '4.7.0' ],
15 silly audit   'agent-base': [ '6.0.2' ],
15 silly audit   antd: [ '5.29.3' ],
15 silly audit   'any-promise': [ '1.3.0' ],
15 silly audit   anymatch: [ '3.1.3' ],
15 silly audit   arg: [ '5.0.2' ],
15 silly audit   asynckit: [ '0.4.0' ],
15 silly audit   autoprefixer: [ '10.5.0' ],
15 silly audit   axios: [ '1.16.1' ],
15 silly audit   'baseline-browser-mapping': [ '2.10.32' ],
15 silly audit   'binary-extensions': [ '2.3.0' ],
15 silly audit   braces: [ '3.0.3' ],
15 silly audit   browserslist: [ '4.28.2' ],
15 silly audit   'call-bind-apply-helpers': [ '1.0.2' ],
15 silly audit   'camelcase-css': [ '2.0.1' ],
15 silly audit   'caniuse-lite': [ '1.0.30001793' ],
15 silly audit   chokidar: [ '3.6.0' ],
15 silly audit   'glob-parent': [ '5.1.2', '6.0.2' ],
15 silly audit   classnames: [ '2.5.1' ],
15 silly audit   'combined-stream': [ '1.0.8' ],
15 silly audit   commander: [ '4.1.1' ],
15 silly audit   'compute-scroll-into-view': [ '3.1.1' ],
15 silly audit   'convert-source-map': [ '2.0.0' ],
15 silly audit   'copy-to-clipboard': [ '3.3.3' ],
15 silly audit   cssesc: [ '3.0.0' ],
15 silly audit   csstype: [ '3.2.3' ],
15 silly audit   dayjs: [ '1.11.20' ],
15 silly audit   debug: [ '4.4.3' ],
15 silly audit   'delayed-stream': [ '1.0.0' ],
15 silly audit   didyoumean: [ '1.2.2' ],
15 silly audit   dlv: [ '1.1.3' ],
15 silly audit   'dunder-proto': [ '1.0.1' ],
15 silly audit   'electron-to-chromium': [ '1.5.361' ],
15 silly audit   'es-define-property': [ '1.0.1' ],
15 silly audit   'es-errors': [ '1.3.0' ],
15 silly audit   'es-object-atoms': [ '1.1.2' ],
15 silly audit   'es-set-tostringtag': [ '2.1.0' ],
15 silly audit   esbuild: [ '0.21.5' ],
15 silly audit   escalade: [ '3.2.0' ],
15 silly audit   'fast-glob': [ '3.3.3' ],
15 silly audit   fastq: [ '1.20.1' ],
15 silly audit   'fill-range': [ '7.1.1' ],
15 silly audit   'follow-redirects': [ '1.16.0' ],
15 silly audit   'form-data': [ '4.0.5' ],
15 silly audit   'fraction.js': [ '5.3.4' ],
15 silly audit   fsevents: [ '2.3.3' ],
15 silly audit   'function-bind': [ '1.1.2' ],
15 silly audit   gensync: [ '1.0.0-beta.2' ],
15 silly audit   'get-intrinsic': [ '1.3.0' ],
15 silly audit   'get-proto': [ '1.0.1' ],
15 silly audit   gopd: [ '1.2.0' ],
15 silly audit   'has-symbols': [ '1.1.0' ],
15 silly audit   'has-tostringtag': [ '1.0.2' ],
15 silly audit   hasown: [ '2.0.3' ],
15 silly audit   'https-proxy-agent': [ '5.0.1' ],
15 silly audit   'is-binary-path': [ '2.1.0' ],
15 silly audit   'is-core-module': [ '2.16.2' ],
15 silly audit   'is-extglob': [ '2.1.1' ],
15 silly audit   'is-glob': [ '4.0.3' ],
15 silly audit   'is-number': [ '7.0.0' ],
15 silly audit   jiti: [ '1.21.7' ],
15 silly audit   'js-tokens': [ '4.0.0' ],
15 silly audit   jsesc: [ '3.1.0' ],
15 silly audit   json2mq: [ '0.2.0' ],
15 silly audit   json5: [ '2.2.3' ],
15 silly audit   leaflet: [ '1.9.4' ],
15 silly audit   lilconfig: [ '3.1.3' ],
15 silly audit   'lines-and-columns': [ '1.2.4' ],
15 silly audit   'loose-envify': [ '1.4.0' ],
15 silly audit   'lru-cache': [ '5.1.1' ],
15 silly audit   'math-intrinsics': [ '1.1.0' ],
15 silly audit   merge2: [ '1.4.1' ],
15 silly audit   micromatch: [ '4.0.8' ],
15 silly audit   'mime-db': [ '1.52.0' ],
15 silly audit   'mime-types': [ '2.1.35' ],
15 silly audit   ms: [ '2.1.3' ],
15 silly audit   mz: [ '2.7.0' ],
15 silly audit   nanoid: [ '3.3.12' ],
15 silly audit   'node-releases': [ '2.0.46' ],
15 silly audit   'normalize-path': [ '3.0.0' ],
15 silly audit   'object-assign': [ '4.1.1' ],
15 silly audit   'object-hash': [ '3.0.0' ],
15 silly audit   'path-parse': [ '1.0.7' ],
15 silly audit   picocolors: [ '1.1.1' ],
15 silly audit   picomatch: [ '2.3.2', '4.0.4' ],
15 silly audit   pify: [ '2.3.0' ],
15 silly audit   pirates: [ '4.0.7' ],
15 silly audit   postcss: [ '8.5.15' ],
15 silly audit   'postcss-import': [ '15.1.0' ],
15 silly audit   'postcss-js': [ '4.1.0' ],
15 silly audit   'postcss-load-config': [ '6.0.1' ],
15 silly audit   'postcss-nested': [ '6.2.0' ],
15 silly audit   'postcss-selector-parser': [ '6.1.2' ],
15 silly audit   'postcss-value-parser': [ '4.2.0' ],
15 silly audit   'proxy-from-env': [ '2.1.0' ],
15 silly audit   'queue-microtask': [ '1.2.3' ],
15 silly audit   'rc-cascader': [ '3.34.0' ],
15 silly audit   'rc-checkbox': [ '3.5.0' ],
15 silly audit   'rc-collapse': [ '3.9.0' ],
15 silly audit   'rc-dialog': [ '9.6.0' ],
15 silly audit   'rc-drawer': [ '7.3.0' ],
15 silly audit   'rc-dropdown': [ '4.2.1' ],
15 silly audit   'rc-field-form': [ '2.7.1' ],
15 silly audit   'rc-image': [ '7.12.0' ],
15 silly audit   'rc-input': [ '1.8.0' ],
15 silly audit   'rc-input-number': [ '9.5.0' ],
15 silly audit   'rc-mentions': [ '2.20.0' ],
15 silly audit   'rc-menu': [ '9.16.1' ],
15 silly audit   'rc-motion': [ '2.9.5' ],
15 silly audit   'rc-notification': [ '5.6.4' ],
15 silly audit   'rc-overflow': [ '1.5.0' ],
15 silly audit   'rc-pagination': [ '5.1.0' ],
15 silly audit   'rc-picker': [ '4.11.3' ],
15 silly audit   'rc-progress': [ '4.0.0' ],
15 silly audit   'rc-rate': [ '2.13.1' ],
15 silly audit   'rc-resize-observer': [ '1.4.3' ],
15 silly audit   'rc-segmented': [ '2.7.1' ],
15 silly audit   'rc-select': [ '14.16.8' ],
15 silly audit   'rc-slider': [ '11.1.9' ],
15 silly audit   'rc-steps': [ '6.0.1' ],
15 silly audit   'rc-switch': [ '4.1.0' ],
15 silly audit   'rc-table': [ '7.54.0' ],
15 silly audit   'rc-tabs': [ '15.7.0' ],
15 silly audit   'rc-textarea': [ '1.10.2' ],
15 silly audit   'rc-tooltip': [ '6.4.0' ],
15 silly audit   'rc-tree': [ '5.13.1' ],
15 silly audit   'rc-tree-select': [ '5.27.0' ],
15 silly audit   'rc-upload': [ '4.11.0' ],
15 silly audit   'rc-util': [ '5.44.4' ],
15 silly audit   'rc-virtual-list': [ '3.19.2' ],
15 silly audit   react: [ '18.3.1' ],
15 silly audit   'react-dom': [ '18.3.1' ],
15 silly audit   'react-is': [ '18.3.1' ],
15 silly audit   'react-leaflet': [ '4.2.1' ],
15 silly audit   'react-refresh': [ '0.17.0' ],
15 silly audit   'react-router': [ '6.30.3' ],
15 silly audit   'react-router-dom': [ '6.30.3' ],
15 silly audit   'read-cache': [ '1.0.0' ],
15 silly audit   readdirp: [ '3.6.0' ],
15 silly audit   'resize-observer-polyfill': [ '1.5.1' ],
15 silly audit   resolve: [ '1.22.12' ],
15 silly audit   reusify: [ '1.1.0' ],
15 silly audit   rollup: [ '4.60.4' ],
15 silly audit   'run-parallel': [ '1.2.0' ],
15 silly audit   scheduler: [ '0.23.2' ],
15 silly audit   'scroll-into-view-if-needed': [ '3.1.0' ],
15 silly audit   semver: [ '6.3.1' ],
15 silly audit   'source-map-js': [ '1.2.1' ],
15 silly audit   'string-convert': [ '0.2.1' ],
15 silly audit   stylis: [ '4.4.0' ],
15 silly audit   sucrase: [ '3.35.1' ],
15 silly audit   'supports-preserve-symlinks-flag': [ '1.0.0' ],
15 silly audit   tailwindcss: [ '3.4.19' ],
15 silly audit   thenify: [ '3.3.1' ],
15 silly audit   'thenify-all': [ '1.6.0' ],
15 silly audit   'throttle-debounce': [ '5.0.2' ],
15 silly audit   tinyglobby: [ '0.2.16' ],
15 silly audit   fdir: [ '6.5.0' ],
15 silly audit   'to-regex-range': [ '5.0.1' ],
15 silly audit   'toggle-selection': [ '1.0.6' ],
15 silly audit   'ts-interface-checker': [ '0.1.13' ],
15 silly audit   'update-browserslist-db': [ '1.2.3' ],
15 silly audit   'util-deprecate': [ '1.0.2' ],
15 silly audit   vite: [ '5.4.21' ],
15 silly audit   yallist: [ '3.1.1' ]
15 silly audit }
16 http fetch POST 200 https://registry.npmjs.org/-/npm/v1/security/advisories/bulk 647ms
17 silly audit report {
17 silly audit report   esbuild: [
17 silly audit report     {
17 silly audit report       id: 1102341,
17 silly audit report       url: 'https://github.com/advisories/GHSA-67mh-4wv8-2f99',
17 silly audit report       title: 'esbuild enables any website to send any requests to the development server and read the response',
17 silly audit report       severity: 'moderate',
17 silly audit report       vulnerable_versions: '<=0.24.2',
17 silly audit report       cwe: [Array],
17 silly audit report       cvss: [Object]
17 silly audit report     }
17 silly audit report   ],
17 silly audit report   vite: [
17 silly audit report     {
17 silly audit report       id: 1116229,
17 silly audit report       url: 'https://github.com/advisories/GHSA-4w7w-66w2-5vf9',
17 silly audit report       title: 'Vite Vulnerable to Path Traversal in Optimized Deps `.map` Handling',
17 silly audit report       severity: 'moderate',
17 silly audit report       vulnerable_versions: '<=6.4.1',
17 silly audit report       cwe: [Array],
17 silly audit report       cvss: [Object]
17 silly audit report     }
17 silly audit report   ]
17 silly audit report }
18 silly packumentCache corgi:https://registry.npmjs.org/esbuild cache-miss
19 silly packumentCache corgi:https://registry.npmjs.org/vite cache-miss
20 http fetch GET 200 https://registry.npmjs.org/vite 147ms (cache revalidated)
21 silly packumentCache corgi:https://registry.npmjs.org/vite set size:2249718 disposed:false
22 http fetch GET 200 https://registry.npmjs.org/esbuild 397ms (cache revalidated)
23 silly packumentCache corgi:https://registry.npmjs.org/esbuild set size:885757 disposed:false
24 silly packumentCache corgi:https://registry.npmjs.org/@vitejs%2fplugin-react cache-miss
25 http fetch GET 200 https://registry.npmjs.org/@vitejs%2fplugin-react 176ms (cache revalidated)
26 silly packumentCache corgi:https://registry.npmjs.org/@vitejs%2fplugin-react set size:113751 disposed:false
27 verbose cwd F:\CC_projects\travel_plan\frontend
28 verbose os Windows_NT 10.0.26200
29 verbose node v24.16.0
30 verbose npm  v11.13.0
31 verbose exit 0
32 info ok
